The system is: Linux - 6.8.0-124-generic - x86_64
Compiling the C compiler identification source file "CMakeCCompilerId.c" succeeded.
Compiler: /usr/bin/aarch64-linux-gnu-gcc 
Build flags: 
Id flags:  

The output was:
0


Compilation of the C compiler identification source "CMakeCCompilerId.c" produced "a.out"

The C compiler identification is GNU, found in "/home/justin/softwares/kmsvnc/build/CMakeFiles/3.22.1/CompilerIdC/a.out"

Detecting C compiler ABI info compiled with the following output:
Change Dir: /home/justin/softwares/kmsvnc/build/CMakeFiles/CMakeTmp

Run Build Command(s):/usr/bin/gmake -f Makefile cmTC_4c358/fast && /usr/bin/gmake  -f CMakeFiles/cmTC_4c358.dir/build.make CMakeFiles/cmTC_4c358.dir/build
gmake[1]: Entering directory '/home/justin/softwares/kmsvnc/build/CMakeFiles/CMakeTmp'
Building C object CMakeFiles/cmTC_4c358.dir/CMakeCCompilerABI.c.o
/usr/bin/aarch64-linux-gnu-gcc   -v -o CMakeFiles/cmTC_4c358.dir/CMakeCCompilerABI.c.o -c /usr/share/cmake-3.22/Modules/CMakeCCompilerABI.c
Using built-in specs.
COLLECT_GCC=/usr/bin/aarch64-linux-gnu-gcc
Target: aarch64-linux-gnu
Configured with: ../src/configure -v --with-pkgversion='Ubuntu 11.4.0-1ubuntu1~22.04.3' --with-bugurl=file:///usr/share/doc/gcc-11/README.Bugs --enable-languages=c,ada,c++,go,d,fortran,objc,obj-c++,m2 --prefix=/usr --with-gcc-major-version-only --program-suffix=-11 --enable-shared --enable-linker-build-id --libexecdir=/usr/lib --without-included-gettext --enable-threads=posix --libdir=/usr/lib --enable-nls --with-sysroot=/ --enable-clocale=gnu --enable-libstdcxx-debug --enable-libstdcxx-time=yes --with-default-libstdcxx-abi=new --enable-gnu-unique-object --disable-libquadmath --disable-libquadmath-support --enable-plugin --enable-default-pie --with-system-zlib --enable-libphobos-checking=release --without-target-system-zlib --enable-multiarch --enable-fix-cortex-a53-843419 --disable-werror --enable-checking=release --build=x86_64-linux-gnu --host=x86_64-linux-gnu --target=aarch64-linux-gnu --program-prefix=aarch64-linux-gnu- --includedir=/usr/aarch64-linux-gnu/include --with-build-config=bootstrap-lto-lean --enable-link-serialization=2
Thread model: posix
Supported LTO compression algorithms: zlib zstd
gcc version 11.4.0 (Ubuntu 11.4.0-1ubuntu1~22.04.3) 
COLLECT_GCC_OPTIONS='-v' '-o' 'CMakeFiles/cmTC_4c358.dir/CMakeCCompilerABI.c.o' '-c' '-mlittle-endian' '-mabi=lp64' '-dumpdir' 'CMakeFiles/cmTC_4c358.dir/'
 /usr/lib/gcc-cross/aarch64-linux-gnu/11/cc1 -quiet -v -imultiarch aarch64-linux-gnu /usr/share/cmake-3.22/Modules/CMakeCCompilerABI.c -quiet -dumpdir CMakeFiles/cmTC_4c358.dir/ -dumpbase CMakeCCompilerABI.c.c -dumpbase-ext .c -mlittle-endian -mabi=lp64 -version -fasynchronous-unwind-tables -fstack-protector-strong -Wformat -Wformat-security -fstack-clash-protection -o /tmp/cczenW3o.s
GNU C17 (Ubuntu 11.4.0-1ubuntu1~22.04.3) version 11.4.0 (aarch64-linux-gnu)
	compiled by GNU C version 11.4.0, GMP version 6.2.1, MPFR version 4.1.0, MPC version 1.2.1, isl version isl-0.24-GMP

GGC heuristics: --param ggc-min-expand=100 --param ggc-min-heapsize=131072
ignoring nonexistent directory "/usr/local/include/aarch64-linux-gnu"
ignoring nonexistent directory "/usr/lib/gcc-cross/aarch64-linux-gnu/11/include-fixed"
#include "..." search starts here:
#include <...> search starts here:
 /usr/lib/gcc-cross/aarch64-linux-gnu/11/include
 /usr/lib/gcc-cross/aarch64-linux-gnu/11/../../../../aarch64-linux-gnu/include
 /usr/include/aarch64-linux-gnu
 /usr/include
End of search list.
GNU C17 (Ubuntu 11.4.0-1ubuntu1~22.04.3) version 11.4.0 (aarch64-linux-gnu)
	compiled by GNU C version 11.4.0, GMP version 6.2.1, MPFR version 4.1.0, MPC version 1.2.1, isl version isl-0.24-GMP

GGC heuristics: --param ggc-min-expand=100 --param ggc-min-heapsize=131072
Compiler executable checksum: 2a6f833664a1d9b9ebcff0efa3d423b5
COLLECT_GCC_OPTIONS='-v' '-o' 'CMakeFiles/cmTC_4c358.dir/CMakeCCompilerABI.c.o' '-c' '-mlittle-endian' '-mabi=lp64' '-dumpdir' 'CMakeFiles/cmTC_4c358.dir/'
 /usr/lib/gcc-cross/aarch64-linux-gnu/11/../../../../aarch64-linux-gnu/bin/as -v -EL -mabi=lp64 -o CMakeFiles/cmTC_4c358.dir/CMakeCCompilerABI.c.o /tmp/cczenW3o.s
GNU assembler version 2.38 (aarch64-linux-gnu) using BFD version (GNU Binutils for Ubuntu) 2.38
COMPILER_PATH=/usr/lib/gcc-cross/aarch64-linux-gnu/11/:/usr/lib/gcc-cross/aarch64-linux-gnu/11/:/usr/lib/gcc-cross/aarch64-linux-gnu/:/usr/lib/gcc-cross/aarch64-linux-gnu/11/:/usr/lib/gcc-cross/aarch64-linux-gnu/:/usr/lib/gcc-cross/aarch64-linux-gnu/11/../../../../aarch64-linux-gnu/bin/
LIBRARY_PATH=/usr/lib/gcc-cross/aarch64-linux-gnu/11/:/usr/lib/gcc-cross/aarch64-linux-gnu/11/../../../../aarch64-linux-gnu/lib/../lib/:/lib/aarch64-linux-gnu/:/lib/../lib/:/usr/lib/aarch64-linux-gnu/:/usr/lib/../lib/:/usr/lib/gcc-cross/aarch64-linux-gnu/11/../../../../aarch64-linux-gnu/lib/:/lib/:/usr/lib/
COLLECT_GCC_OPTIONS='-v' '-o' 'CMakeFiles/cmTC_4c358.dir/CMakeCCompilerABI.c.o' '-c' '-mlittle-endian' '-mabi=lp64' '-dumpdir' 'CMakeFiles/cmTC_4c358.dir/CMakeCCompilerABI.c.'
Linking C executable cmTC_4c358
/usr/bin/cmake -E cmake_link_script CMakeFiles/cmTC_4c358.dir/link.txt --verbose=1
/usr/bin/aarch64-linux-gnu-gcc  -v CMakeFiles/cmTC_4c358.dir/CMakeCCompilerABI.c.o -o cmTC_4c358 
Using built-in specs.
COLLECT_GCC=/usr/bin/aarch64-linux-gnu-gcc
COLLECT_LTO_WRAPPER=/usr/lib/gcc-cross/aarch64-linux-gnu/11/lto-wrapper
Target: aarch64-linux-gnu
Configured with: ../src/configure -v --with-pkgversion='Ubuntu 11.4.0-1ubuntu1~22.04.3' --with-bugurl=file:///usr/share/doc/gcc-11/README.Bugs --enable-languages=c,ada,c++,go,d,fortran,objc,obj-c++,m2 --prefix=/usr --with-gcc-major-version-only --program-suffix=-11 --enable-shared --enable-linker-build-id --libexecdir=/usr/lib --without-included-gettext --enable-threads=posix --libdir=/usr/lib --enable-nls --with-sysroot=/ --enable-clocale=gnu --enable-libstdcxx-debug --enable-libstdcxx-time=yes --with-default-libstdcxx-abi=new --enable-gnu-unique-object --disable-libquadmath --disable-libquadmath-support --enable-plugin --enable-default-pie --with-system-zlib --enable-libphobos-checking=release --without-target-system-zlib --enable-multiarch --enable-fix-cortex-a53-843419 --disable-werror --enable-checking=release --build=x86_64-linux-gnu --host=x86_64-linux-gnu --target=aarch64-linux-gnu --program-prefix=aarch64-linux-gnu- --includedir=/usr/aarch64-linux-gnu/include --with-build-config=bootstrap-lto-lean --enable-link-serialization=2
Thread model: posix
Supported LTO compression algorithms: zlib zstd
gcc version 11.4.0 (Ubuntu 11.4.0-1ubuntu1~22.04.3) 
COMPILER_PATH=/usr/lib/gcc-cross/aarch64-linux-gnu/11/:/usr/lib/gcc-cross/aarch64-linux-gnu/11/:/usr/lib/gcc-cross/aarch64-linux-gnu/:/usr/lib/gcc-cross/aarch64-linux-gnu/11/:/usr/lib/gcc-cross/aarch64-linux-gnu/:/usr/lib/gcc-cross/aarch64-linux-gnu/11/../../../../aarch64-linux-gnu/bin/
LIBRARY_PATH=/usr/lib/gcc-cross/aarch64-linux-gnu/11/:/usr/lib/gcc-cross/aarch64-linux-gnu/11/../../../../aarch64-linux-gnu/lib/../lib/:/lib/aarch64-linux-gnu/:/lib/../lib/:/usr/lib/aarch64-linux-gnu/:/usr/lib/../lib/:/usr/lib/gcc-cross/aarch64-linux-gnu/11/../../../../aarch64-linux-gnu/lib/:/lib/:/usr/lib/
COLLECT_GCC_OPTIONS='-v' '-o' 'cmTC_4c358' '-mlittle-endian' '-mabi=lp64' '-dumpdir' 'cmTC_4c358.'
 /usr/lib/gcc-cross/aarch64-linux-gnu/11/collect2 -plugin /usr/lib/gcc-cross/aarch64-linux-gnu/11/liblto_plugin.so -plugin-opt=/usr/lib/gcc-cross/aarch64-linux-gnu/11/lto-wrapper -plugin-opt=-fresolution=/tmp/cctRqQHY.res -plugin-opt=-pass-through=-lgcc -plugin-opt=-pass-through=-lgcc_s -plugin-opt=-pass-through=-lc -plugin-opt=-pass-through=-lgcc -plugin-opt=-pass-through=-lgcc_s --sysroot=/ --build-id --eh-frame-hdr --hash-style=gnu --as-needed -dynamic-linker /lib/ld-linux-aarch64.so.1 -X -EL -maarch64linux --fix-cortex-a53-843419 -pie -z now -z relro -o cmTC_4c358 /usr/lib/gcc-cross/aarch64-linux-gnu/11/../../../../aarch64-linux-gnu/lib/../lib/Scrt1.o /usr/lib/gcc-cross/aarch64-linux-gnu/11/../../../../aarch64-linux-gnu/lib/../lib/crti.o /usr/lib/gcc-cross/aarch64-linux-gnu/11/crtbeginS.o -L/usr/lib/gcc-cross/aarch64-linux-gnu/11 -L/usr/lib/gcc-cross/aarch64-linux-gnu/11/../../../../aarch64-linux-gnu/lib/../lib -L/lib/aarch64-linux-gnu -L/lib/../lib -L/usr/lib/aarch64-linux-gnu -L/usr/lib/../lib -L/usr/lib/gcc-cross/aarch64-linux-gnu/11/../../../../aarch64-linux-gnu/lib CMakeFiles/cmTC_4c358.dir/CMakeCCompilerABI.c.o -lgcc --push-state --as-needed -lgcc_s --pop-state -lc -lgcc --push-state --as-needed -lgcc_s --pop-state /usr/lib/gcc-cross/aarch64-linux-gnu/11/crtendS.o /usr/lib/gcc-cross/aarch64-linux-gnu/11/../../../../aarch64-linux-gnu/lib/../lib/crtn.o
COLLECT_GCC_OPTIONS='-v' '-o' 'cmTC_4c358' '-mlittle-endian' '-mabi=lp64' '-dumpdir' 'cmTC_4c358.'
gmake[1]: Leaving directory '/home/justin/softwares/kmsvnc/build/CMakeFiles/CMakeTmp'



Parsed C implicit include dir info from above output: rv=done
  found start of include info
  found start of implicit include info
    add: [/usr/lib/gcc-cross/aarch64-linux-gnu/11/include]
    add: [/usr/lib/gcc-cross/aarch64-linux-gnu/11/../../../../aarch64-linux-gnu/include]
    add: [/usr/include/aarch64-linux-gnu]
    add: [/usr/include]
  end of search list found
  collapse include dir [/usr/lib/gcc-cross/aarch64-linux-gnu/11/include] ==> [/usr/lib/gcc-cross/aarch64-linux-gnu/11/include]
  collapse include dir [/usr/lib/gcc-cross/aarch64-linux-gnu/11/../../../../aarch64-linux-gnu/include] ==> [/usr/aarch64-linux-gnu/include]
  collapse include dir [/usr/include/aarch64-linux-gnu] ==> [/usr/include/aarch64-linux-gnu]
  collapse include dir [/usr/include] ==> [/usr/include]
  implicit include dirs: [/usr/lib/gcc-cross/aarch64-linux-gnu/11/include;/usr/aarch64-linux-gnu/include;/usr/include/aarch64-linux-gnu;/usr/include]


Parsed C implicit link information from above output:
  link line regex: [^( *|.*[/\])(aarch64-linux-gnu-ld|CMAKE_LINK_STARTFILE-NOTFOUND|([^/\]+-)?ld|collect2)[^/\]*( |$)]
  ignore line: [Change Dir: /home/justin/softwares/kmsvnc/build/CMakeFiles/CMakeTmp]
  ignore line: []
  ignore line: [Run Build Command(s):/usr/bin/gmake -f Makefile cmTC_4c358/fast && /usr/bin/gmake  -f CMakeFiles/cmTC_4c358.dir/build.make CMakeFiles/cmTC_4c358.dir/build]
  ignore line: [gmake[1]: Entering directory '/home/justin/softwares/kmsvnc/build/CMakeFiles/CMakeTmp']
  ignore line: [Building C object CMakeFiles/cmTC_4c358.dir/CMakeCCompilerABI.c.o]
  ignore line: [/usr/bin/aarch64-linux-gnu-gcc   -v -o CMakeFiles/cmTC_4c358.dir/CMakeCCompilerABI.c.o -c /usr/share/cmake-3.22/Modules/CMakeCCompilerABI.c]
  ignore line: [Using built-in specs.]
  ignore line: [COLLECT_GCC=/usr/bin/aarch64-linux-gnu-gcc]
  ignore line: [Target: aarch64-linux-gnu]
  ignore line: [Configured with: ../src/configure -v --with-pkgversion='Ubuntu 11.4.0-1ubuntu1~22.04.3' --with-bugurl=file:///usr/share/doc/gcc-11/README.Bugs --enable-languages=c ada c++ go d fortran objc obj-c++ m2 --prefix=/usr --with-gcc-major-version-only --program-suffix=-11 --enable-shared --enable-linker-build-id --libexecdir=/usr/lib --without-included-gettext --enable-threads=posix --libdir=/usr/lib --enable-nls --with-sysroot=/ --enable-clocale=gnu --enable-libstdcxx-debug --enable-libstdcxx-time=yes --with-default-libstdcxx-abi=new --enable-gnu-unique-object --disable-libquadmath --disable-libquadmath-support --enable-plugin --enable-default-pie --with-system-zlib --enable-libphobos-checking=release --without-target-system-zlib --enable-multiarch --enable-fix-cortex-a53-843419 --disable-werror --enable-checking=release --build=x86_64-linux-gnu --host=x86_64-linux-gnu --target=aarch64-linux-gnu --program-prefix=aarch64-linux-gnu- --includedir=/usr/aarch64-linux-gnu/include --with-build-config=bootstrap-lto-lean --enable-link-serialization=2]
  ignore line: [Thread model: posix]
  ignore line: [Supported LTO compression algorithms: zlib zstd]
  ignore line: [gcc version 11.4.0 (Ubuntu 11.4.0-1ubuntu1~22.04.3) ]
  ignore line: [COLLECT_GCC_OPTIONS='-v' '-o' 'CMakeFiles/cmTC_4c358.dir/CMakeCCompilerABI.c.o' '-c' '-mlittle-endian' '-mabi=lp64' '-dumpdir' 'CMakeFiles/cmTC_4c358.dir/']
  ignore line: [ /usr/lib/gcc-cross/aarch64-linux-gnu/11/cc1 -quiet -v -imultiarch aarch64-linux-gnu /usr/share/cmake-3.22/Modules/CMakeCCompilerABI.c -quiet -dumpdir CMakeFiles/cmTC_4c358.dir/ -dumpbase CMakeCCompilerABI.c.c -dumpbase-ext .c -mlittle-endian -mabi=lp64 -version -fasynchronous-unwind-tables -fstack-protector-strong -Wformat -Wformat-security -fstack-clash-protection -o /tmp/cczenW3o.s]
  ignore line: [GNU C17 (Ubuntu 11.4.0-1ubuntu1~22.04.3) version 11.4.0 (aarch64-linux-gnu)]
  ignore line: [	compiled by GNU C version 11.4.0  GMP version 6.2.1  MPFR version 4.1.0  MPC version 1.2.1  isl version isl-0.24-GMP]
  ignore line: []
  ignore line: [GGC heuristics: --param ggc-min-expand=100 --param ggc-min-heapsize=131072]
  ignore line: [ignoring nonexistent directory "/usr/local/include/aarch64-linux-gnu"]
  ignore line: [ignoring nonexistent directory "/usr/lib/gcc-cross/aarch64-linux-gnu/11/include-fixed"]
  ignore line: [#include "..." search starts here:]
  ignore line: [#include <...> search starts here:]
  ignore line: [ /usr/lib/gcc-cross/aarch64-linux-gnu/11/include]
  ignore line: [ /usr/lib/gcc-cross/aarch64-linux-gnu/11/../../../../aarch64-linux-gnu/include]
  ignore line: [ /usr/include/aarch64-linux-gnu]
  ignore line: [ /usr/include]
  ignore line: [End of search list.]
  ignore line: [GNU C17 (Ubuntu 11.4.0-1ubuntu1~22.04.3) version 11.4.0 (aarch64-linux-gnu)]
  ignore line: [	compiled by GNU C version 11.4.0  GMP version 6.2.1  MPFR version 4.1.0  MPC version 1.2.1  isl version isl-0.24-GMP]
  ignore line: []
  ignore line: [GGC heuristics: --param ggc-min-expand=100 --param ggc-min-heapsize=131072]
  ignore line: [Compiler executable checksum: 2a6f833664a1d9b9ebcff0efa3d423b5]
  ignore line: [COLLECT_GCC_OPTIONS='-v' '-o' 'CMakeFiles/cmTC_4c358.dir/CMakeCCompilerABI.c.o' '-c' '-mlittle-endian' '-mabi=lp64' '-dumpdir' 'CMakeFiles/cmTC_4c358.dir/']
  ignore line: [ /usr/lib/gcc-cross/aarch64-linux-gnu/11/../../../../aarch64-linux-gnu/bin/as -v -EL -mabi=lp64 -o CMakeFiles/cmTC_4c358.dir/CMakeCCompilerABI.c.o /tmp/cczenW3o.s]
  ignore line: [GNU assembler version 2.38 (aarch64-linux-gnu) using BFD version (GNU Binutils for Ubuntu) 2.38]
  ignore line: [COMPILER_PATH=/usr/lib/gcc-cross/aarch64-linux-gnu/11/:/usr/lib/gcc-cross/aarch64-linux-gnu/11/:/usr/lib/gcc-cross/aarch64-linux-gnu/:/usr/lib/gcc-cross/aarch64-linux-gnu/11/:/usr/lib/gcc-cross/aarch64-linux-gnu/:/usr/lib/gcc-cross/aarch64-linux-gnu/11/../../../../aarch64-linux-gnu/bin/]
  ignore line: [LIBRARY_PATH=/usr/lib/gcc-cross/aarch64-linux-gnu/11/:/usr/lib/gcc-cross/aarch64-linux-gnu/11/../../../../aarch64-linux-gnu/lib/../lib/:/lib/aarch64-linux-gnu/:/lib/../lib/:/usr/lib/aarch64-linux-gnu/:/usr/lib/../lib/:/usr/lib/gcc-cross/aarch64-linux-gnu/11/../../../../aarch64-linux-gnu/lib/:/lib/:/usr/lib/]
  ignore line: [COLLECT_GCC_OPTIONS='-v' '-o' 'CMakeFiles/cmTC_4c358.dir/CMakeCCompilerABI.c.o' '-c' '-mlittle-endian' '-mabi=lp64' '-dumpdir' 'CMakeFiles/cmTC_4c358.dir/CMakeCCompilerABI.c.']
  ignore line: [Linking C executable cmTC_4c358]
  ignore line: [/usr/bin/cmake -E cmake_link_script CMakeFiles/cmTC_4c358.dir/link.txt --verbose=1]
  ignore line: [/usr/bin/aarch64-linux-gnu-gcc  -v CMakeFiles/cmTC_4c358.dir/CMakeCCompilerABI.c.o -o cmTC_4c358 ]
  ignore line: [Using built-in specs.]
  ignore line: [COLLECT_GCC=/usr/bin/aarch64-linux-gnu-gcc]
  ignore line: [COLLECT_LTO_WRAPPER=/usr/lib/gcc-cross/aarch64-linux-gnu/11/lto-wrapper]
  ignore line: [Target: aarch64-linux-gnu]
  ignore line: [Configured with: ../src/configure -v --with-pkgversion='Ubuntu 11.4.0-1ubuntu1~22.04.3' --with-bugurl=file:///usr/share/doc/gcc-11/README.Bugs --enable-languages=c ada c++ go d fortran objc obj-c++ m2 --prefix=/usr --with-gcc-major-version-only --program-suffix=-11 --enable-shared --enable-linker-build-id --libexecdir=/usr/lib --without-included-gettext --enable-threads=posix --libdir=/usr/lib --enable-nls --with-sysroot=/ --enable-clocale=gnu --enable-libstdcxx-debug --enable-libstdcxx-time=yes --with-default-libstdcxx-abi=new --enable-gnu-unique-object --disable-libquadmath --disable-libquadmath-support --enable-plugin --enable-default-pie --with-system-zlib --enable-libphobos-checking=release --without-target-system-zlib --enable-multiarch --enable-fix-cortex-a53-843419 --disable-werror --enable-checking=release --build=x86_64-linux-gnu --host=x86_64-linux-gnu --target=aarch64-linux-gnu --program-prefix=aarch64-linux-gnu- --includedir=/usr/aarch64-linux-gnu/include --with-build-config=bootstrap-lto-lean --enable-link-serialization=2]
  ignore line: [Thread model: posix]
  ignore line: [Supported LTO compression algorithms: zlib zstd]
  ignore line: [gcc version 11.4.0 (Ubuntu 11.4.0-1ubuntu1~22.04.3) ]
  ignore line: [COMPILER_PATH=/usr/lib/gcc-cross/aarch64-linux-gnu/11/:/usr/lib/gcc-cross/aarch64-linux-gnu/11/:/usr/lib/gcc-cross/aarch64-linux-gnu/:/usr/lib/gcc-cross/aarch64-linux-gnu/11/:/usr/lib/gcc-cross/aarch64-linux-gnu/:/usr/lib/gcc-cross/aarch64-linux-gnu/11/../../../../aarch64-linux-gnu/bin/]
  ignore line: [LIBRARY_PATH=/usr/lib/gcc-cross/aarch64-linux-gnu/11/:/usr/lib/gcc-cross/aarch64-linux-gnu/11/../../../../aarch64-linux-gnu/lib/../lib/:/lib/aarch64-linux-gnu/:/lib/../lib/:/usr/lib/aarch64-linux-gnu/:/usr/lib/../lib/:/usr/lib/gcc-cross/aarch64-linux-gnu/11/../../../../aarch64-linux-gnu/lib/:/lib/:/usr/lib/]
  ignore line: [COLLECT_GCC_OPTIONS='-v' '-o' 'cmTC_4c358' '-mlittle-endian' '-mabi=lp64' '-dumpdir' 'cmTC_4c358.']
  link line: [ /usr/lib/gcc-cross/aarch64-linux-gnu/11/collect2 -plugin /usr/lib/gcc-cross/aarch64-linux-gnu/11/liblto_plugin.so -plugin-opt=/usr/lib/gcc-cross/aarch64-linux-gnu/11/lto-wrapper -plugin-opt=-fresolution=/tmp/cctRqQHY.res -plugin-opt=-pass-through=-lgcc -plugin-opt=-pass-through=-lgcc_s -plugin-opt=-pass-through=-lc -plugin-opt=-pass-through=-lgcc -plugin-opt=-pass-through=-lgcc_s --sysroot=/ --build-id --eh-frame-hdr --hash-style=gnu --as-needed -dynamic-linker /lib/ld-linux-aarch64.so.1 -X -EL -maarch64linux --fix-cortex-a53-843419 -pie -z now -z relro -o cmTC_4c358 /usr/lib/gcc-cross/aarch64-linux-gnu/11/../../../../aarch64-linux-gnu/lib/../lib/Scrt1.o /usr/lib/gcc-cross/aarch64-linux-gnu/11/../../../../aarch64-linux-gnu/lib/../lib/crti.o /usr/lib/gcc-cross/aarch64-linux-gnu/11/crtbeginS.o -L/usr/lib/gcc-cross/aarch64-linux-gnu/11 -L/usr/lib/gcc-cross/aarch64-linux-gnu/11/../../../../aarch64-linux-gnu/lib/../lib -L/lib/aarch64-linux-gnu -L/lib/../lib -L/usr/lib/aarch64-linux-gnu -L/usr/lib/../lib -L/usr/lib/gcc-cross/aarch64-linux-gnu/11/../../../../aarch64-linux-gnu/lib CMakeFiles/cmTC_4c358.dir/CMakeCCompilerABI.c.o -lgcc --push-state --as-needed -lgcc_s --pop-state -lc -lgcc --push-state --as-needed -lgcc_s --pop-state /usr/lib/gcc-cross/aarch64-linux-gnu/11/crtendS.o /usr/lib/gcc-cross/aarch64-linux-gnu/11/../../../../aarch64-linux-gnu/lib/../lib/crtn.o]
    arg [/usr/lib/gcc-cross/aarch64-linux-gnu/11/collect2] ==> ignore
    arg [-plugin] ==> ignore
    arg [/usr/lib/gcc-cross/aarch64-linux-gnu/11/liblto_plugin.so] ==> ignore
    arg [-plugin-opt=/usr/lib/gcc-cross/aarch64-linux-gnu/11/lto-wrapper] ==> ignore
    arg [-plugin-opt=-fresolution=/tmp/cctRqQHY.res] ==> ignore
    arg [-plugin-opt=-pass-through=-lgcc] ==> ignore
    arg [-plugin-opt=-pass-through=-lgcc_s] ==> ignore
    arg [-plugin-opt=-pass-through=-lc] ==> ignore
    arg [-plugin-opt=-pass-through=-lgcc] ==> ignore
    arg [-plugin-opt=-pass-through=-lgcc_s] ==> ignore
    arg [--sysroot=/] ==> ignore
    arg [--build-id] ==> ignore
    arg [--eh-frame-hdr] ==> ignore
    arg [--hash-style=gnu] ==> ignore
    arg [--as-needed] ==> ignore
    arg [-dynamic-linker] ==> ignore
    arg [/lib/ld-linux-aarch64.so.1] ==> ignore
    arg [-X] ==> ignore
    arg [-EL] ==> ignore
    arg [-maarch64linux] ==> ignore
    arg [--fix-cortex-a53-843419] ==> ignore
    arg [-pie] ==> ignore
    arg [-znow] ==> ignore
    arg [-zrelro] ==> ignore
    arg [-o] ==> ignore
    arg [cmTC_4c358] ==> ignore
    arg [/usr/lib/gcc-cross/aarch64-linux-gnu/11/../../../../aarch64-linux-gnu/lib/../lib/Scrt1.o] ==> obj [/usr/lib/gcc-cross/aarch64-linux-gnu/11/../../../../aarch64-linux-gnu/lib/../lib/Scrt1.o]
    arg [/usr/lib/gcc-cross/aarch64-linux-gnu/11/../../../../aarch64-linux-gnu/lib/../lib/crti.o] ==> obj [/usr/lib/gcc-cross/aarch64-linux-gnu/11/../../../../aarch64-linux-gnu/lib/../lib/crti.o]
    arg [/usr/lib/gcc-cross/aarch64-linux-gnu/11/crtbeginS.o] ==> obj [/usr/lib/gcc-cross/aarch64-linux-gnu/11/crtbeginS.o]
    arg [-L/usr/lib/gcc-cross/aarch64-linux-gnu/11] ==> dir [/usr/lib/gcc-cross/aarch64-linux-gnu/11]
    arg [-L/usr/lib/gcc-cross/aarch64-linux-gnu/11/../../../../aarch64-linux-gnu/lib/../lib] ==> dir [/usr/lib/gcc-cross/aarch64-linux-gnu/11/../../../../aarch64-linux-gnu/lib/../lib]
    arg [-L/lib/aarch64-linux-gnu] ==> dir [/lib/aarch64-linux-gnu]
    arg [-L/lib/../lib] ==> dir [/lib/../lib]
    arg [-L/usr/lib/aarch64-linux-gnu] ==> dir [/usr/lib/aarch64-linux-gnu]
    arg [-L/usr/lib/../lib] ==> dir [/usr/lib/../lib]
    arg [-L/usr/lib/gcc-cross/aarch64-linux-gnu/11/../../../../aarch64-linux-gnu/lib] ==> dir [/usr/lib/gcc-cross/aarch64-linux-gnu/11/../../../../aarch64-linux-gnu/lib]
    arg [CMakeFiles/cmTC_4c358.dir/CMakeCCompilerABI.c.o] ==> ignore
    arg [-lgcc] ==> lib [gcc]
    arg [--push-state] ==> ignore
    arg [--as-needed] ==> ignore
    arg [-lgcc_s] ==> lib [gcc_s]
    arg [--pop-state] ==> ignore
    arg [-lc] ==> lib [c]
    arg [-lgcc] ==> lib [gcc]
    arg [--push-state] ==> ignore
    arg [--as-needed] ==> ignore
    arg [-lgcc_s] ==> lib [gcc_s]
    arg [--pop-state] ==> ignore
    arg [/usr/lib/gcc-cross/aarch64-linux-gnu/11/crtendS.o] ==> obj [/usr/lib/gcc-cross/aarch64-linux-gnu/11/crtendS.o]
    arg [/usr/lib/gcc-cross/aarch64-linux-gnu/11/../../../../aarch64-linux-gnu/lib/../lib/crtn.o] ==> obj [/usr/lib/gcc-cross/aarch64-linux-gnu/11/../../../../aarch64-linux-gnu/lib/../lib/crtn.o]
  collapse obj [/usr/lib/gcc-cross/aarch64-linux-gnu/11/../../../../aarch64-linux-gnu/lib/../lib/Scrt1.o] ==> [/usr/aarch64-linux-gnu/lib/Scrt1.o]
  collapse obj [/usr/lib/gcc-cross/aarch64-linux-gnu/11/../../../../aarch64-linux-gnu/lib/../lib/crti.o] ==> [/usr/aarch64-linux-gnu/lib/crti.o]
  collapse obj [/usr/lib/gcc-cross/aarch64-linux-gnu/11/../../../../aarch64-linux-gnu/lib/../lib/crtn.o] ==> [/usr/aarch64-linux-gnu/lib/crtn.o]
  collapse library dir [/usr/lib/gcc-cross/aarch64-linux-gnu/11] ==> [/usr/lib/gcc-cross/aarch64-linux-gnu/11]
  collapse library dir [/usr/lib/gcc-cross/aarch64-linux-gnu/11/../../../../aarch64-linux-gnu/lib/../lib] ==> [/usr/aarch64-linux-gnu/lib]
  collapse library dir [/lib/aarch64-linux-gnu] ==> [/lib/aarch64-linux-gnu]
  collapse library dir [/lib/../lib] ==> [/lib]
  collapse library dir [/usr/lib/aarch64-linux-gnu] ==> [/usr/lib/aarch64-linux-gnu]
  collapse library dir [/usr/lib/../lib] ==> [/usr/lib]
  collapse library dir [/usr/lib/gcc-cross/aarch64-linux-gnu/11/../../../../aarch64-linux-gnu/lib] ==> [/usr/aarch64-linux-gnu/lib]
  implicit libs: [gcc;gcc_s;c;gcc;gcc_s]
  implicit objs: [/usr/aarch64-linux-gnu/lib/Scrt1.o;/usr/aarch64-linux-gnu/lib/crti.o;/usr/lib/gcc-cross/aarch64-linux-gnu/11/crtbeginS.o;/usr/lib/gcc-cross/aarch64-linux-gnu/11/crtendS.o;/usr/aarch64-linux-gnu/lib/crtn.o]
  implicit dirs: [/usr/lib/gcc-cross/aarch64-linux-gnu/11;/usr/aarch64-linux-gnu/lib;/lib/aarch64-linux-gnu;/lib;/usr/lib/aarch64-linux-gnu;/usr/lib]
  implicit fwks: []


Determining if files linux/uinput.h;linux/dma-buf.h exist passed with the following output:
Change Dir: /home/justin/softwares/kmsvnc/build/CMakeFiles/CMakeTmp

Run Build Command(s):/usr/bin/gmake -f Makefile cmTC_10cf2/fast && /usr/bin/gmake  -f CMakeFiles/cmTC_10cf2.dir/build.make CMakeFiles/cmTC_10cf2.dir/build
gmake[1]: Entering directory '/home/justin/softwares/kmsvnc/build/CMakeFiles/CMakeTmp'
Building C object CMakeFiles/cmTC_10cf2.dir/HAVE_LINUX_API_HEADERS.c.o
/usr/bin/aarch64-linux-gnu-gcc    -o CMakeFiles/cmTC_10cf2.dir/HAVE_LINUX_API_HEADERS.c.o -c /home/justin/softwares/kmsvnc/build/CMakeFiles/CheckIncludeFiles/HAVE_LINUX_API_HEADERS.c
Linking C executable cmTC_10cf2
/usr/bin/cmake -E cmake_link_script CMakeFiles/cmTC_10cf2.dir/link.txt --verbose=1
/usr/bin/aarch64-linux-gnu-gcc CMakeFiles/cmTC_10cf2.dir/HAVE_LINUX_API_HEADERS.c.o -o cmTC_10cf2 
gmake[1]: Leaving directory '/home/justin/softwares/kmsvnc/build/CMakeFiles/CMakeTmp'



Determining if the SYS_pidfd_getfd exist passed with the following output:
Change Dir: /home/justin/softwares/kmsvnc/build/CMakeFiles/CMakeTmp

Run Build Command(s):/usr/bin/gmake -f Makefile cmTC_fa94a/fast && /usr/bin/gmake  -f CMakeFiles/cmTC_fa94a.dir/build.make CMakeFiles/cmTC_fa94a.dir/build
gmake[1]: Entering directory '/home/justin/softwares/kmsvnc/build/CMakeFiles/CMakeTmp'
Building C object CMakeFiles/cmTC_fa94a.dir/CheckSymbolExists.c.o
/usr/bin/aarch64-linux-gnu-gcc    -o CMakeFiles/cmTC_fa94a.dir/CheckSymbolExists.c.o -c /home/justin/softwares/kmsvnc/build/CMakeFiles/CMakeTmp/CheckSymbolExists.c
Linking C executable cmTC_fa94a
/usr/bin/cmake -E cmake_link_script CMakeFiles/cmTC_fa94a.dir/link.txt --verbose=1
/usr/bin/aarch64-linux-gnu-gcc CMakeFiles/cmTC_fa94a.dir/CheckSymbolExists.c.o -o cmTC_fa94a 
gmake[1]: Leaving directory '/home/justin/softwares/kmsvnc/build/CMakeFiles/CMakeTmp'


File /home/justin/softwares/kmsvnc/build/CMakeFiles/CMakeTmp/CheckSymbolExists.c:
/* */
#include <sys/syscall.h>

int main(int argc, char** argv)
{
  (void)argv;
#ifndef SYS_pidfd_getfd
  return ((int*)(&SYS_pidfd_getfd))[argc];
#else
  (void)argc;
  return 0;
#endif
}
Determining if the drmGetFormatName exist passed with the following output:
Change Dir: /home/justin/softwares/kmsvnc/build/CMakeFiles/CMakeTmp

Run Build Command(s):/usr/bin/gmake -f Makefile cmTC_01c24/fast && /usr/bin/gmake  -f CMakeFiles/cmTC_01c24.dir/build.make CMakeFiles/cmTC_01c24.dir/build
gmake[1]: Entering directory '/home/justin/softwares/kmsvnc/build/CMakeFiles/CMakeTmp'
Building C object CMakeFiles/cmTC_01c24.dir/CheckSymbolExists.c.o
/usr/bin/aarch64-linux-gnu-gcc  -I/usr/include/libdrm  -o CMakeFiles/cmTC_01c24.dir/CheckSymbolExists.c.o -c /home/justin/softwares/kmsvnc/build/CMakeFiles/CMakeTmp/CheckSymbolExists.c
Linking C executable cmTC_01c24
/usr/bin/cmake -E cmake_link_script CMakeFiles/cmTC_01c24.dir/link.txt --verbose=1
/usr/bin/aarch64-linux-gnu-gcc CMakeFiles/cmTC_01c24.dir/CheckSymbolExists.c.o -o cmTC_01c24  -ldrm 
gmake[1]: Leaving directory '/home/justin/softwares/kmsvnc/build/CMakeFiles/CMakeTmp'


File /home/justin/softwares/kmsvnc/build/CMakeFiles/CMakeTmp/CheckSymbolExists.c:
/* */
#include <xf86drm.h>

int main(int argc, char** argv)
{
  (void)argv;
#ifndef drmGetFormatName
  return ((int*)(&drmGetFormatName))[argc];
#else
  (void)argc;
  return 0;
#endif
}
